// Jest Snapshot v1, https://goo.gl/fbAQLP

exports[`Pruebas en <GifGridItem /> debe mostrar <GifGridItem /> correctamente 1`] = `
<div
  className="gifgriditem animate__animated animate__backInDown"
>
  <img
    alt="la perra vieja"
    className="gifgriditem__img"
    key="alskdjf443j"
    src="http://localhost"
  />
  <p
    className="gifgriditem__text"
  >
    la perra vieja
  </p>
</div>
`;
